// Jest Snapshot v1, https://goo.gl/fbAQLP

exports[`RecipeHeader should render correctly 1`] = `
<div>
  <nav
    className="navbar navbar-expand-lg navbar-light"
  >
    <Link
      className="navbar-brand"
      href="/"
      replace={false}
      to="/"
    >
      <i
        className="fa fa-eercast"
      />
      moreRecipe
    </Link>
    <button
      aria-controls="navbarSupportedContent"
      aria-expanded="false"
      aria-label="Toggle navigation"
      className="navbar-toggler"
      data-target="#navbarSupportedContent"
      data-toggle="collapse"
      type="button"
    >
      <span
        className="navbar-toggler-icon"
      />
    </button>
    <div
      className="collapse navbar-collapse"
      id="navbarSupportedContent"
    >
      <ul
        className="navbar-nav ml-auto"
      >
        <li
          className="nav-item"
        >
          <Link
            className="nav-link btn"
            href="/signin"
            replace={false}
            to="/signin"
          >
            Sign in
          </Link>
        </li>
        <li
          className="nav-item"
        >
          <Link
            className="nav-link btn"
            href="/signup"
            replace={false}
            to="/signup"
          >
            Sign up
          </Link>
        </li>
      </ul>
    </div>
  </nav>
</div>
`;
