// Jest Snapshot v1, https://goo.gl/fbAQLP

exports[`Component: PopularRecipe PopularRecipe in snapshot should render correctly 1`] = `<div />`;
