// Jest Snapshot v1, https://goo.gl/fbAQLP

exports[`RecipeHeader should render correctly 1`] = `
<Route
  render={[Function]}
/>
`;
