// Jest Snapshot v1, https://goo.gl/fbAQLP

exports[`App should render routes correctly 1`] = `
<BrowserRouter>
  <div
    id="wrap"
  >
    <Switch>
      <Route
        component={[Function]}
        exact={true}
        path="/"
      />
      <Route
        component={[Function]}
        path="/signup"
      />
      <Route
        component={[Function]}
        path="/signin"
      />
      <Route
        component={[Function]}
        path="/forgot-password"
      />
      <Route
        component={[Function]}
        path="/reset-password"
      />
      <Route
        component={[Function]}
        exact={true}
        path="/recipes"
      />
      <Route
        component={[Function]}
        exact={true}
        path="/recipe/:id"
      />
      <Route
        component={[Function]}
        exact={true}
        path="/profile"
      />
      <Route
        component={[Function]}
        exact={true}
        path="/favorites"
      />
      <Route
        component={[Function]}
        exact={true}
        path="/admin"
      />
      <Route
        component={[Function]}
      />
    </Switch>
  </div>
</BrowserRouter>
`;
